  Generating VST3/Debug/Analog_Delay.vst3/Contents/Resources/editor.uidesc
  [SMTG] Copied C:/Users/RSmith/VSTPlugins/Analog_Delay/resource/editor.uidesc to C:/Users/RSmith/VSTPlugins/Analog_Delay/build/VST3/Debug/Analog_Delay.vst3/Contents/Resources/editor.uidesc
  Generating VST3/Debug/Analog_Delay.vst3/Contents/Resources/Snapshots/9C9936F812225A0795357A84540A2494_snapshot.png
  [SMTG] Copied C:/Users/RSmith/VSTPlugins/Analog_Delay/resource/9C9936F812225A0795357A84540A2494_snapshot.png to C:/Users/RSmith/VSTPlugins/Analog_Delay/build/VST3/Debug/Analog_Delay.vst3/Contents/Resources/Snapshots/9C9936F812225A0795357A84540A2494_snapshot.png
  Generating VST3/Debug/Analog_Delay.vst3/Contents/Resources/Snapshots/9C9936F812225A0795357A84540A2494_snapshot_2.0x.png
  [SMTG] Copied C:/Users/RSmith/VSTPlugins/Analog_Delay/resource/9C9936F812225A0795357A84540A2494_snapshot_2.0x.png to C:/Users/RSmith/VSTPlugins/Analog_Delay/build/VST3/Debug/Analog_Delay.vst3/Contents/Resources/Snapshots/9C9936F812225A0795357A84540A2494_snapshot_2.0x.png
  entry.cpp
  Analog_Delay.vcxproj -> C:\Users\RSmith\VSTPlugins\Analog_Delay\build\VST3\Debug\Analog_Delay.vst3\Contents\x86_64-win\Analog_Delay.vst3
  [SMTG] Copy PlugIn.ico and desktop.ini and change their attributes.			
  [SMTG] Validator started...
  * Loading module...
  
  	C:/Users/RSmith/VSTPlugins/Analog_Delay/build/VST3/Debug/Analog_Delay.vst3
  
  * Check valid bundle structure...
  
  * Scanning classes...
  
    Factory Info:
  	vendor = My Plug-in Company
  	url = https://www.mycompanyname.com
  	email = mailto:info@mycompanyname.com
  
    Class Info 0:
  	name = Analog Delay
  	category = Audio Module Class
  	subCategories = Fx
  	version = 1.0.0.0
  	sdkVersion = VST 3.8.0
  	cid = 9C9936F812225A0795357A84540A2494
  
    Class Info 1:
  	name = Analog DelayController
  	category = Component Controller Class
  	subCategories = 
  	version = 1.0.0.0
  	sdkVersion = VST 3.8.0
  	cid = 44F95DE1F51C5B50BE928CD7E72B508F
  
  * Checking snapshots...
  
  Found snapshots for 'Analog Delay'
   - C:/Users/RSmith/VSTPlugins/Analog_Delay/build/VST3/Debug/Analog_Delay.vst3/Contents/Resources/Snapshots/9C9936F812225A0795357A84540A2494_snapshot.png [1x]
   - C:/Users/RSmith/VSTPlugins/Analog_Delay/build/VST3/Debug/Analog_Delay.vst3/Contents/Resources/Snapshots/9C9936F812225A0795357A84540A2494_snapshot_2.0x.png [2x]
  
  * Creating tests...
  
  * Running tests...
  
  -------------------------------------------------------------
  TestSuite : Analog Delay
  -------------------------------------------------------------
  
  -------------------------------------------------------------
  TestSuite : General Tests
  -------------------------------------------------------------
  
  [Scan Editor Classes]
  Info:  ===Scan Editor Classes ====================================
  Info:  This component has an edit controller class
  Info:     Controller CID: {44F95DE1-F51C-5B50-BE92-8CD7E72B508F}
  [Succeeded]
  
  [Scan Buses]
  Info:  ===Scan Buses ====================================
  Info:  => Audio Buses: [1 In(s) => 1 Out(s)]
  Info:       In [0]: "Stereo In" (Main-Default Active) 
  Info:       Out[0]: "Stereo Out" (Main-Default Active) 
  Info:  => Event Buses: [1 In(s) => 0 Out(s)]
  Info:       In [0]: "Event In" (Main-Default Active) 
  [Succeeded]
  
  [Scan Parameters]
  Info:  ===Scan Parameters ====================================
  Info:  This component exports 6 parameter(s)
  Info:     Parameter 000 (id=0): [title="Bypass"] [unit=""] [type = Discrete, default = 0.000000, unit = 0]
  Info:     Parameter 001 (id=1): [title="Delay Time"] [unit="ms"] [type = Float, default = 0.368421, unit = 0]
  Info:     Parameter 002 (id=3): [title="Mix"] [unit=""] [type = Float, default = 0.500000, unit = 0]
  Info:     Parameter 003 (id=2): [title="Feedback"] [unit=""] [type = Float, default = 0.252632, unit = 0]
  Info:     Parameter 004 (id=4): [title="Tone"] [unit=""] [type = Float, default = 0.500000, unit = 0]
  Info:     Parameter 005 (id=5): [title="Stereo Width"] [unit=""] [type = Float, default = 0.500000, unit = 0]
  [Succeeded]
  
  [MIDI Mapping]
  Info:  ===MIDI Mapping ====================================
  Info:  No MIDI Mapping interface supplied!
  [Succeeded]
  
  [MIDI Learn]
  Info:  ===MIDI Learn ====================================
  Info:  No MIDI Learn interface supplied!
  [Succeeded]
  
  [Scan Units]
  Info:  ===Scan Units ====================================
  Info:  No units found, while controller implements IUnitInfo !!!
  [Succeeded]
  
  [Scan Programs]
  Info:  ===Scan Programs ====================================
  Info:  This component does not export any programs.
  [Succeeded]
  
  [Terminate/Initialize]
  Info:  ===Terminate/Initialize ====================================
  [Succeeded]
  
  [Check Unit Structure]
  Info:  ===Check Unit Structure ====================================
  Info:  No units found, while controller implements IUnitInfo !!!
  Info:  All units have valid parent IDs.
  [Succeeded]
  
  [Valid State Transition 32bits]
  Info:  ===Valid State Transition 32bits ====================================
  [Succeeded]
  
  [Valid State Transition 64bits]
  Info:  ===Valid State Transition 64bits ====================================
  Info:  64bit Audio Processing not supported.
  [Succeeded]
  
  [Bus Consistency]
  Info:  ===Bus Consistency ====================================
  [Succeeded]
  
  [Bus Activation]
  Info:  ===Bus Activation ====================================
  Info:     Bus Activation: Input Audio Bus (0) (kMain)
  Info:     Bus Activation: Output Audio Bus (0) (kMain)
  Info:     Bus Activation: Input Event Bus (0) (kMain)
  [Succeeded]
  
  [Check Audio Bus Arrangement]
  Info:  ===Check Audio Bus Arrangement ====================================
  Info:     Check Input Audio Bus Arrangement (0)
  Info:     Check Output Audio Bus Arrangement (0)
  [Succeeded]
  
  [SideChain Arrangement]
  Info:  ===SideChain Arrangement ====================================
  [Succeeded]
  
  [Suspend/Resume]
  Info:  ===Suspend/Resume ====================================
  [Succeeded]
  
  [Note Expression]
  Info:  ===Note Expression ====================================
  Info:  No Note Expression interface supplied!
  [Succeeded]
  
  [Keyswitch]
  Info:  ===Keyswitch ====================================
  Info:  No Keyswitch interface supplied!
  [Succeeded]
  
  [ProcessContext Requirements]
  Info:  ===ProcessContext Requirements ====================================
  Info:  ProcessContextRequirements:
  Info:   - None
  [Succeeded]
  
  -------------------------------------------------------------
  TestSuite : Single Precision (32 bit) Tests
  -------------------------------------------------------------
  
  [Process Test]
  [Succeeded]
  
  [Process function running in another thread]
  Info:  ===Process function running in another thread ====================================
  [Succeeded]
  
  [Silence Flags]
  Info:  ===Silence Flags ====================================
  [Succeeded]
  
  [Silence Processing]
  Info:  ===Silence Processing ====================================
  [Succeeded]
  
  [Parameters Flush (no Buffer)]
  Info:  ===Parameters Flush (no Buffer) ====================================
  [Succeeded]
  
  [Parameters Flush 2 (only numChannel==0)]
  Info:  ===Parameters Flush 2 (only numChannel==0) ====================================
  [Succeeded]
  
  [Parameters Flush 2 (no Buffer, no parameter change)]
  Info:  ===Parameters Flush 2 (no Buffer, no parameter change) ====================================
  [Succeeded]
  
  [Variable Block Size]
  Info:  ===Variable Block Size ====================================
  [Succeeded]
  
  [Process Format]
  Info:  ===Process Format ====================================
  Info:  ***Tested Sample Rates***
  Info:        22050 Hz - processed successfully!
  Info:        32000 Hz - processed successfully!
  Info:        44100 Hz - processed successfully!
  Info:        48000 Hz - processed successfully!
  Info:        88200 Hz - processed successfully!
  Info:        96000 Hz - processed successfully!
  Info:       192000 Hz - processed successfully!
  Info:       384000 Hz - processed successfully!
  Info:    1234.5678 Hz - processed successfully!
  Info:    12345.678 Hz - processed successfully!
  Info:    123456.78 Hz - processed successfully!
  Info:    1234567.8 Hz - processed successfully!
  [Succeeded]
  
  [Parameter Bypass persistence]
  Info:  ===Parameter Bypass persistence ====================================
  Info:     No point at all has been read via IParameterChanges
  Info:     No point at all has been read via IParameterChanges
  [Succeeded]
  
  [In: Stereo: 2 Channels, Out: Stereo: 2 Channels]
  Info:  ===In: Stereo: 2 Channels, Out: Stereo: 2 Channels ====================================
  [Succeeded]
  
  [In: Mono: 1 Channels, Out: Mono: 1 Channels]
  Info:  ===In: Mono: 1 Channels, Out: Mono: 1 Channels ====================================
  [Succeeded]
  
  [Accuracy: Block, 1 Parameters, Change every100 Samples]
  Info:  ===Accuracy: Block, 1 Parameters, Change every100 Samples ====================================
  [Succeeded]
  
  [Accuracy: Sample, 1 Parameters, Change every100 Samples]
  Info:  ===Accuracy: Sample, 1 Parameters, Change every100 Samples ====================================
  Info:     Not all points have been read via IParameterChanges
  Info:     Not all points have been read via IParameterChanges
  [Succeeded]
  
  -------------------------------------------------------------
  TestSuite : Double Precision (64 bit) Tests
  -------------------------------------------------------------
  
  [Process Test]
  Info:  64bit Audio Processing not supported.
  [Succeeded]
  
  [Process function running in another thread]
  Info:  64bit Audio Processing not supported.
  [Succeeded]
  
  [Silence Flags]
  Info:  64bit Audio Processing not supported.
  [Succeeded]
  
  [Silence Processing]
  Info:  64bit Audio Processing not supported.
  [Succeeded]
  
  [Parameters Flush (no Buffer)]
  Info:  64bit Audio Processing not supported.
  [Succeeded]
  
  [Parameters Flush 2 (only numChannel==0)]
  Info:  64bit Audio Processing not supported.
  [Succeeded]
  
  [Parameters Flush 2 (no Buffer, no parameter change)]
  Info:  64bit Audio Processing not supported.
  [Succeeded]
  
  [Variable Block Size]
  Info:  64bit Audio Processing not supported.
  [Succeeded]
  
  [Process Format]
  Info:  64bit Audio Processing not supported.
  [Succeeded]
  
  [Parameter Bypass persistence]
  Info:  64bit Audio Processing not supported.
  [Succeeded]
  
  [In: Stereo: 2 Channels, Out: Stereo: 2 Channels]
  Info:  ===In: Stereo: 2 Channels, Out: Stereo: 2 Channels ====================================
  Info:  64bit Audio Processing not supported.
  [Succeeded]
  
  [In: Mono: 1 Channels, Out: Mono: 1 Channels]
  Info:  ===In: Mono: 1 Channels, Out: Mono: 1 Channels ====================================
  Info:  64bit Audio Processing not supported.
  [Succeeded]
  
  [Accuracy: Block, 1 Parameters, Change every100 Samples]
  Info:  ===Accuracy: Block, 1 Parameters, Change every100 Samples ====================================
  Info:  64bit Audio Processing not supported.
  [Succeeded]
  
  [Accuracy: Sample, 1 Parameters, Change every100 Samples]
  Info:  ===Accuracy: Sample, 1 Parameters, Change every100 Samples ====================================
  Info:  64bit Audio Processing not supported.
  [Succeeded]
  
  -------------------------------------------------------------
  Result: 47 tests passed, 0 tests failed
  -------------------------------------------------------------
  [SMTG] Validator finished.
  [SMTG] Delete previous link...
  [SMTG] Creation of the new link...
EXEC : CMake error : failed to create symbolic link 'C:/Users/RSmith/AppData/Local/Programs/Common/VST3/Analog_Delay.vst3': A required privilege is not held by the client.
  
C:\Program Files\Microsoft Visual Studio\18\Community\MSBuild\Microsoft\VC\v170\Microsoft.CppCommon.targets(166,5): error MSB3073: The command "setlocal
C:\Program Files\Microsoft Visual Studio\18\Community\MSBuild\Microsoft\VC\v170\Microsoft.CppCommon.targets(166,5): error MSB3073: "C:\Program Files\CMake\bin\cmake.exe" -E copy C:/Users/RSmith/VST3/VST_SDK/vst3sdk/cmake/modules/../templates/VST_Logo_Steinberg.ico C:/Users/RSmith/VSTPlugins/Analog_Delay/build/VST3/Debug/Analog_Delay.vst3/PlugIn.ico
C:\Program Files\Microsoft Visual Studio\18\Community\MSBuild\Microsoft\VC\v170\Microsoft.CppCommon.targets(166,5): error MSB3073: if %errorlevel% neq 0 goto :cmEnd
C:\Program Files\Microsoft Visual Studio\18\Community\MSBuild\Microsoft\VC\v170\Microsoft.CppCommon.targets(166,5): error MSB3073: "C:\Program Files\CMake\bin\cmake.exe" -E copy C:/Users/RSmith/VST3/VST_SDK/vst3sdk/cmake/modules/../templates/desktop.ini.in C:/Users/RSmith/VSTPlugins/Analog_Delay/build/VST3/Debug/Analog_Delay.vst3/desktop.ini
C:\Program Files\Microsoft Visual Studio\18\Community\MSBuild\Microsoft\VC\v170\Microsoft.CppCommon.targets(166,5): error MSB3073: if %errorlevel% neq 0 goto :cmEnd
C:\Program Files\Microsoft Visual Studio\18\Community\MSBuild\Microsoft\VC\v170\Microsoft.CppCommon.targets(166,5): error MSB3073: attrib +s C:/Users/RSmith/VSTPlugins/Analog_Delay/build/VST3/Debug/Analog_Delay.vst3/desktop.ini
C:\Program Files\Microsoft Visual Studio\18\Community\MSBuild\Microsoft\VC\v170\Microsoft.CppCommon.targets(166,5): error MSB3073: if %errorlevel% neq 0 goto :cmEnd
C:\Program Files\Microsoft Visual Studio\18\Community\MSBuild\Microsoft\VC\v170\Microsoft.CppCommon.targets(166,5): error MSB3073: attrib +s C:/Users/RSmith/VSTPlugins/Analog_Delay/build/VST3/Debug/Analog_Delay.vst3/PlugIn.ico
C:\Program Files\Microsoft Visual Studio\18\Community\MSBuild\Microsoft\VC\v170\Microsoft.CppCommon.targets(166,5): error MSB3073: if %errorlevel% neq 0 goto :cmEnd
C:\Program Files\Microsoft Visual Studio\18\Community\MSBuild\Microsoft\VC\v170\Microsoft.CppCommon.targets(166,5): error MSB3073: attrib +s C:/Users/RSmith/VSTPlugins/Analog_Delay/build/VST3/Debug/Analog_Delay.vst3
C:\Program Files\Microsoft Visual Studio\18\Community\MSBuild\Microsoft\VC\v170\Microsoft.CppCommon.targets(166,5): error MSB3073: if %errorlevel% neq 0 goto :cmEnd
C:\Program Files\Microsoft Visual Studio\18\Community\MSBuild\Microsoft\VC\v170\Microsoft.CppCommon.targets(166,5): error MSB3073: :cmEnd
C:\Program Files\Microsoft Visual Studio\18\Community\MSBuild\Microsoft\VC\v170\Microsoft.CppCommon.targets(166,5): error MSB3073: endlocal & call :cmErrorLevel %errorlevel% & goto :cmDone
C:\Program Files\Microsoft Visual Studio\18\Community\MSBuild\Microsoft\VC\v170\Microsoft.CppCommon.targets(166,5): error MSB3073: :cmErrorLevel
C:\Program Files\Microsoft Visual Studio\18\Community\MSBuild\Microsoft\VC\v170\Microsoft.CppCommon.targets(166,5): error MSB3073: exit /b %1
C:\Program Files\Microsoft Visual Studio\18\Community\MSBuild\Microsoft\VC\v170\Microsoft.CppCommon.targets(166,5): error MSB3073: :cmDone
C:\Program Files\Microsoft Visual Studio\18\Community\MSBuild\Microsoft\VC\v170\Microsoft.CppCommon.targets(166,5): error MSB3073: if %errorlevel% neq 0 goto :VCEnd
C:\Program Files\Microsoft Visual Studio\18\Community\MSBuild\Microsoft\VC\v170\Microsoft.CppCommon.targets(166,5): error MSB3073: setlocal
C:\Program Files\Microsoft Visual Studio\18\Community\MSBuild\Microsoft\VC\v170\Microsoft.CppCommon.targets(166,5): error MSB3073: cd C:\Users\RSmith\VSTPlugins\Analog_Delay\build\bin
C:\Program Files\Microsoft Visual Studio\18\Community\MSBuild\Microsoft\VC\v170\Microsoft.CppCommon.targets(166,5): error MSB3073: if %errorlevel% neq 0 goto :cmEnd
C:\Program Files\Microsoft Visual Studio\18\Community\MSBuild\Microsoft\VC\v170\Microsoft.CppCommon.targets(166,5): error MSB3073: C:
C:\Program Files\Microsoft Visual Studio\18\Community\MSBuild\Microsoft\VC\v170\Microsoft.CppCommon.targets(166,5): error MSB3073: if %errorlevel% neq 0 goto :cmEnd
C:\Program Files\Microsoft Visual Studio\18\Community\MSBuild\Microsoft\VC\v170\Microsoft.CppCommon.targets(166,5): error MSB3073: C:\Users\RSmith\VSTPlugins\Analog_Delay\build\bin\Debug\moduleinfotool.exe -create -version 1.0.0.0 -path C:/Users/RSmith/VSTPlugins/Analog_Delay/build/VST3/Debug/Analog_Delay.vst3 -output C:/Users/RSmith/VSTPlugins/Analog_Delay/build/VST3/Debug/Analog_Delay.vst3/Contents/Resources/moduleinfo.json
C:\Program Files\Microsoft Visual Studio\18\Community\MSBuild\Microsoft\VC\v170\Microsoft.CppCommon.targets(166,5): error MSB3073: if %errorlevel% neq 0 goto :cmEnd
C:\Program Files\Microsoft Visual Studio\18\Community\MSBuild\Microsoft\VC\v170\Microsoft.CppCommon.targets(166,5): error MSB3073: :cmEnd
C:\Program Files\Microsoft Visual Studio\18\Community\MSBuild\Microsoft\VC\v170\Microsoft.CppCommon.targets(166,5): error MSB3073: endlocal & call :cmErrorLevel %errorlevel% & goto :cmDone
C:\Program Files\Microsoft Visual Studio\18\Community\MSBuild\Microsoft\VC\v170\Microsoft.CppCommon.targets(166,5): error MSB3073: :cmErrorLevel
C:\Program Files\Microsoft Visual Studio\18\Community\MSBuild\Microsoft\VC\v170\Microsoft.CppCommon.targets(166,5): error MSB3073: exit /b %1
C:\Program Files\Microsoft Visual Studio\18\Community\MSBuild\Microsoft\VC\v170\Microsoft.CppCommon.targets(166,5): error MSB3073: :cmDone
C:\Program Files\Microsoft Visual Studio\18\Community\MSBuild\Microsoft\VC\v170\Microsoft.CppCommon.targets(166,5): error MSB3073: if %errorlevel% neq 0 goto :VCEnd
C:\Program Files\Microsoft Visual Studio\18\Community\MSBuild\Microsoft\VC\v170\Microsoft.CppCommon.targets(166,5): error MSB3073: setlocal
C:\Program Files\Microsoft Visual Studio\18\Community\MSBuild\Microsoft\VC\v170\Microsoft.CppCommon.targets(166,5): error MSB3073: cd C:\Users\RSmith\VSTPlugins\Analog_Delay\build\bin
C:\Program Files\Microsoft Visual Studio\18\Community\MSBuild\Microsoft\VC\v170\Microsoft.CppCommon.targets(166,5): error MSB3073: if %errorlevel% neq 0 goto :cmEnd
C:\Program Files\Microsoft Visual Studio\18\Community\MSBuild\Microsoft\VC\v170\Microsoft.CppCommon.targets(166,5): error MSB3073: C:
C:\Program Files\Microsoft Visual Studio\18\Community\MSBuild\Microsoft\VC\v170\Microsoft.CppCommon.targets(166,5): error MSB3073: if %errorlevel% neq 0 goto :cmEnd
C:\Program Files\Microsoft Visual Studio\18\Community\MSBuild\Microsoft\VC\v170\Microsoft.CppCommon.targets(166,5): error MSB3073: "C:\Program Files\CMake\bin\cmake.exe" -E echo [SMTG] Validator started...
C:\Program Files\Microsoft Visual Studio\18\Community\MSBuild\Microsoft\VC\v170\Microsoft.CppCommon.targets(166,5): error MSB3073: if %errorlevel% neq 0 goto :cmEnd
C:\Program Files\Microsoft Visual Studio\18\Community\MSBuild\Microsoft\VC\v170\Microsoft.CppCommon.targets(166,5): error MSB3073: C:\Users\RSmith\VSTPlugins\Analog_Delay\build\bin\Debug\validator.exe C:/Users/RSmith/VSTPlugins/Analog_Delay/build/VST3/Debug/Analog_Delay.vst3 
C:\Program Files\Microsoft Visual Studio\18\Community\MSBuild\Microsoft\VC\v170\Microsoft.CppCommon.targets(166,5): error MSB3073: if %errorlevel% neq 0 goto :cmEnd
C:\Program Files\Microsoft Visual Studio\18\Community\MSBuild\Microsoft\VC\v170\Microsoft.CppCommon.targets(166,5): error MSB3073: "C:\Program Files\CMake\bin\cmake.exe" -E echo [SMTG] Validator finished.
C:\Program Files\Microsoft Visual Studio\18\Community\MSBuild\Microsoft\VC\v170\Microsoft.CppCommon.targets(166,5): error MSB3073: if %errorlevel% neq 0 goto :cmEnd
C:\Program Files\Microsoft Visual Studio\18\Community\MSBuild\Microsoft\VC\v170\Microsoft.CppCommon.targets(166,5): error MSB3073: :cmEnd
C:\Program Files\Microsoft Visual Studio\18\Community\MSBuild\Microsoft\VC\v170\Microsoft.CppCommon.targets(166,5): error MSB3073: endlocal & call :cmErrorLevel %errorlevel% & goto :cmDone
C:\Program Files\Microsoft Visual Studio\18\Community\MSBuild\Microsoft\VC\v170\Microsoft.CppCommon.targets(166,5): error MSB3073: :cmErrorLevel
C:\Program Files\Microsoft Visual Studio\18\Community\MSBuild\Microsoft\VC\v170\Microsoft.CppCommon.targets(166,5): error MSB3073: exit /b %1
C:\Program Files\Microsoft Visual Studio\18\Community\MSBuild\Microsoft\VC\v170\Microsoft.CppCommon.targets(166,5): error MSB3073: :cmDone
C:\Program Files\Microsoft Visual Studio\18\Community\MSBuild\Microsoft\VC\v170\Microsoft.CppCommon.targets(166,5): error MSB3073: if %errorlevel% neq 0 goto :VCEnd
C:\Program Files\Microsoft Visual Studio\18\Community\MSBuild\Microsoft\VC\v170\Microsoft.CppCommon.targets(166,5): error MSB3073: setlocal
C:\Program Files\Microsoft Visual Studio\18\Community\MSBuild\Microsoft\VC\v170\Microsoft.CppCommon.targets(166,5): error MSB3073: "C:\Program Files\CMake\bin\cmake.exe" -E echo [SMTG] Delete previous link...
C:\Program Files\Microsoft Visual Studio\18\Community\MSBuild\Microsoft\VC\v170\Microsoft.CppCommon.targets(166,5): error MSB3073: if %errorlevel% neq 0 goto :cmEnd
C:\Program Files\Microsoft Visual Studio\18\Community\MSBuild\Microsoft\VC\v170\Microsoft.CppCommon.targets(166,5): error MSB3073: "C:\Program Files\CMake\bin\cmake.exe" -E rm -rf C:/Users/RSmith/AppData/Local/Programs/Common/VST3/Analog_Delay.vst3
C:\Program Files\Microsoft Visual Studio\18\Community\MSBuild\Microsoft\VC\v170\Microsoft.CppCommon.targets(166,5): error MSB3073: if %errorlevel% neq 0 goto :cmEnd
C:\Program Files\Microsoft Visual Studio\18\Community\MSBuild\Microsoft\VC\v170\Microsoft.CppCommon.targets(166,5): error MSB3073: "C:\Program Files\CMake\bin\cmake.exe" -E echo [SMTG] Creation of the new link...
C:\Program Files\Microsoft Visual Studio\18\Community\MSBuild\Microsoft\VC\v170\Microsoft.CppCommon.targets(166,5): error MSB3073: if %errorlevel% neq 0 goto :cmEnd
C:\Program Files\Microsoft Visual Studio\18\Community\MSBuild\Microsoft\VC\v170\Microsoft.CppCommon.targets(166,5): error MSB3073: "C:\Program Files\CMake\bin\cmake.exe" -E create_symlink C:/Users/RSmith/VSTPlugins/Analog_Delay/build/VST3/Debug/Analog_Delay.vst3  C:/Users/RSmith/AppData/Local/Programs/Common/VST3/Analog_Delay.vst3
C:\Program Files\Microsoft Visual Studio\18\Community\MSBuild\Microsoft\VC\v170\Microsoft.CppCommon.targets(166,5): error MSB3073: if %errorlevel% neq 0 goto :cmEnd
C:\Program Files\Microsoft Visual Studio\18\Community\MSBuild\Microsoft\VC\v170\Microsoft.CppCommon.targets(166,5): error MSB3073: "C:\Program Files\CMake\bin\cmake.exe" -E echo [SMTG] Finished.
C:\Program Files\Microsoft Visual Studio\18\Community\MSBuild\Microsoft\VC\v170\Microsoft.CppCommon.targets(166,5): error MSB3073: if %errorlevel% neq 0 goto :cmEnd
C:\Program Files\Microsoft Visual Studio\18\Community\MSBuild\Microsoft\VC\v170\Microsoft.CppCommon.targets(166,5): error MSB3073: :cmEnd
C:\Program Files\Microsoft Visual Studio\18\Community\MSBuild\Microsoft\VC\v170\Microsoft.CppCommon.targets(166,5): error MSB3073: endlocal & call :cmErrorLevel %errorlevel% & goto :cmDone
C:\Program Files\Microsoft Visual Studio\18\Community\MSBuild\Microsoft\VC\v170\Microsoft.CppCommon.targets(166,5): error MSB3073: :cmErrorLevel
C:\Program Files\Microsoft Visual Studio\18\Community\MSBuild\Microsoft\VC\v170\Microsoft.CppCommon.targets(166,5): error MSB3073: exit /b %1
C:\Program Files\Microsoft Visual Studio\18\Community\MSBuild\Microsoft\VC\v170\Microsoft.CppCommon.targets(166,5): error MSB3073: :cmDone
C:\Program Files\Microsoft Visual Studio\18\Community\MSBuild\Microsoft\VC\v170\Microsoft.CppCommon.targets(166,5): error MSB3073: if %errorlevel% neq 0 goto :VCEnd
C:\Program Files\Microsoft Visual Studio\18\Community\MSBuild\Microsoft\VC\v170\Microsoft.CppCommon.targets(166,5): error MSB3073: :VCEnd" exited with code 1.
