  Building Custom Rule C:/Users/grhys/Downloads/vst-sdk_3.8.0_build-66_2025-10-20/VST_SDK/vst3sdk/vstgui4/vstgui/lib/CMakeLists.txt
  cmake_pch.cxx
  animations.cpp
  animator.cpp
  timingfunctions.cpp
  cbitmap.cpp
  cbitmapfilter.cpp
  cclipboard.cpp
  ccolor.cpp
  cdatabrowser.cpp
  cdrawcontext.cpp
  cdrawmethods.cpp
  cdropsource.cpp
  cexternalview.cpp
  cfileselector.cpp
  cfont.cpp
  cframe.cpp
  cgradient.cpp
  cgradientview.cpp
  cgraphicspath.cpp
  clayeredviewcontainer.cpp
  clinestyle.cpp
  ctexteditor.cpp
  coffscreencontext.cpp
  cautoanimation.cpp
  cbuttons.cpp
  ccolorchooser.cpp
  ccontrol.cpp
  cfontchooser.cpp
  cknob.cpp
  clistcontrol.cpp
  cmoviebitmap.cpp
  cmoviebutton.cpp
  coptionmenu.cpp
  cparamdisplay.cpp
  cscrollbar.cpp
  csearchtextedit.cpp
  csegmentbutton.cpp
  cslider.cpp
  cspecialdigit.cpp
  csplashscreen.cpp
  cstringlist.cpp
  cswitch.cpp
  ctextedit.cpp
  ctextlabel.cpp
  cvumeter.cpp
  cxypad.cpp
  copenglview.cpp
  cpoint.cpp
  crect.cpp
  crowcolumnview.cpp
  cscrollview.cpp
  cshadowviewcontainer.cpp
  csplitview.cpp
  cstring.cpp
  ctabview.cpp
  ctooltipsupport.cpp
  cview.cpp
  cviewcontainer.cpp
  cvstguitimer.cpp
  events.cpp
C:\Users\grhys\Downloads\vst-sdk_3.8.0_build-66_2025-10-20\VST_SDK\vst3sdk\vstgui4\vstgui\lib\cshadowviewcontainer.cpp(130,24): warning C4388: '<': signed/unsigned mismatch
  (compiling source file '../../../../../../../Downloads/vst-sdk_3.8.0_build-66_2025-10-20/VST_SDK/vst3sdk/vstgui4/vstgui/lib/cshadowviewcontainer.cpp')
      C:\Users\grhys\Downloads\vst-sdk_3.8.0_build-66_2025-10-20\VST_SDK\vst3sdk\vstgui4\vstgui\lib\cshadowviewcontainer.cpp(130,24):
      the template instantiation context (the oldest one first) is
          C:\Users\grhys\Downloads\vst-sdk_3.8.0_build-66_2025-10-20\VST_SDK\vst3sdk\vstgui4\vstgui\lib\cshadowviewcontainer.cpp(181,24):
          see reference to function template instantiation 'std::array<int32_t,3> VSTGUI::boxesForGauss<3>(double)' being compiled
  
  genericstringlistdatabrowsersource.cpp
  pixelbuffer.cpp
  platformfactory.cpp
  fileresourceinputstream.cpp
  genericoptionmenu.cpp
  generictextedit.cpp
  autosizeviewlayouter.cpp
  gridlayouter.cpp
  tasks.cpp
  vstguidebug.cpp
  vstguiinit.cpp
  d2dbitmap.cpp
  d2dbitmapcache.cpp
  d2dfont.cpp
  d2dgradient.cpp
C:\Users\grhys\Downloads\vst-sdk_3.8.0_build-66_2025-10-20\VST_SDK\vst3sdk\vstgui4\vstgui\lib\ctexteditor.cpp(135,37): warning C4267: '+=': conversion from 'size_t' to 'unsigned int', possible loss of data
  (compiling source file '../../../../../../../Downloads/vst-sdk_3.8.0_build-66_2025-10-20/VST_SDK/vst3sdk/vstgui4/vstgui/lib/ctexteditor.cpp')
  
  d2dgraphicscontext.cpp
  d2dgraphicspath.cpp
  win32taskexecutor.cpp
C:\Users\grhys\Downloads\vst-sdk_3.8.0_build-66_2025-10-20\VST_SDK\vst3sdk\vstgui4\vstgui\lib\ctexteditor.cpp(1961,18): warning C4267: '+=': conversion from 'size_t' to 'int', possible loss of data
  (compiling source file '../../../../../../../Downloads/vst-sdk_3.8.0_build-66_2025-10-20/VST_SDK/vst3sdk/vstgui4/vstgui/lib/ctexteditor.cpp')
  
  win32datapackage.cpp
  win32directcomposition.cpp
  win32dragging.cpp
  win32factory.cpp
  win32frame.cpp
  win32openglview.cpp
  win32optionmenu.cpp
  win32resourcestream.cpp
  win32support.cpp
  win32textedit.cpp
  win32viewlayer.cpp
  winfileselector.cpp
  winstring.cpp
  wintimer.cpp
  vstgui.vcxproj -> C:\Users\grhys\VSTPlugins\Analog Delay\build\lib\Debug\vstgui.lib
